2026-05-31 13:15:43.607 [main] INFO  c.s.document.DocumentApplication otel_trace_id= otel_span_id= request_id= business_trace_id= tenant_id= document_id= ingestion_job_id= - Starting DocumentApplication using Java 25.0.2 with PID 19980 (D:\Projects\Sparrow-x\document-service\target\classes started by aggre in D:\Projects\Sparrow-x\document-service)
2026-05-31 13:15:43.610 [main] INFO  c.s.document.DocumentApplication otel_trace_id= otel_span_id= request_id= business_trace_id= tenant_id= document_id= ingestion_job_id= - The following 1 profile is active: "dev"
2026-05-31 13:15:44.365 [main] INFO  o.s.d.r.c.RepositoryConfigurationDelegate otel_trace_id= otel_span_id= request_id= business_trace_id= tenant_id= document_id= ingestion_job_id= - Multiple Spring Data modules found, entering strict repository configuration mode
2026-05-31 13:15:44.366 [main] INFO  o.s.d.r.c.RepositoryConfigurationDelegate otel_trace_id= otel_span_id= request_id= business_trace_id= tenant_id= document_id= ingestion_job_id= - Bootstrapping Spring Data JPA repositories in DEFAULT mode.
2026-05-31 13:15:44.491 [main] INFO  o.s.d.r.c.RepositoryConfigurationDelegate otel_trace_id= otel_span_id= request_id= business_trace_id= tenant_id= document_id= ingestion_job_id= - Finished Spring Data repository scanning in 116 ms. Found 5 JPA repository interfaces.
2026-05-31 13:15:45.171 [main] INFO  o.s.d.r.c.RepositoryConfigurationDelegate otel_trace_id= otel_span_id= request_id= business_trace_id= tenant_id= document_id= ingestion_job_id= - Multiple Spring Data modules found, entering strict repository configuration mode
2026-05-31 13:15:45.172 [main] INFO  o.s.d.r.c.RepositoryConfigurationDelegate otel_trace_id= otel_span_id= request_id= business_trace_id= tenant_id= document_id= ingestion_job_id= - Bootstrapping Spring Data Redis repositories in DEFAULT mode.
2026-05-31 13:15:45.204 [main] INFO  o.s.d.r.c.RepositoryConfigurationExtensionSupport otel_trace_id= otel_span_id= request_id= business_trace_id= tenant_id= document_id= ingestion_job_id= - Spring Data Redis - Could not safely identify store assignment for repository candidate interface com.sparrowx.document.data.postgres.repositories.DocumentChunkRepository; If you want this repository to be a Redis repository, consider annotating your entities with one of these annotations: org.springframework.data.redis.core.RedisHash (preferred), or consider extending one of the following types with your repository: org.springframework.data.keyvalue.repository.KeyValueRepository
2026-05-31 13:15:45.205 [main] INFO  o.s.d.r.c.RepositoryConfigurationExtensionSupport otel_trace_id= otel_span_id= request_id= business_trace_id= tenant_id= document_id= ingestion_job_id= - Spring Data Redis - Could not safely identify store assignment for repository candidate interface com.sparrowx.document.data.postgres.repositories.DocumentRepository; If you want this repository to be a Redis repository, consider annotating your entities with one of these annotations: org.springframework.data.redis.core.RedisHash (preferred), or consider extending one of the following types with your repository: org.springframework.data.keyvalue.repository.KeyValueRepository
2026-05-31 13:15:45.205 [main] INFO  o.s.d.r.c.RepositoryConfigurationExtensionSupport otel_trace_id= otel_span_id= request_id= business_trace_id= tenant_id= document_id= ingestion_job_id= - Spring Data Redis - Could not safely identify store assignment for repository candidate interface com.sparrowx.document.data.postgres.repositories.IngestionJobRepository; If you want this repository to be a Redis repository, consider annotating your entities with one of these annotations: org.springframework.data.redis.core.RedisHash (preferred), or consider extending one of the following types with your repository: org.springframework.data.keyvalue.repository.KeyValueRepository
2026-05-31 13:15:45.206 [main] INFO  o.s.d.r.c.RepositoryConfigurationDelegate otel_trace_id= otel_span_id= request_id= business_trace_id= tenant_id= document_id= ingestion_job_id= - Finished Spring Data repository scanning in 24 ms. Found 0 Redis repository interfaces.
2026-05-31 13:15:46.720 [main] INFO  o.s.boot.tomcat.TomcatWebServer otel_trace_id= otel_span_id= request_id= business_trace_id= tenant_id= document_id= ingestion_job_id= - Tomcat initialized with port 8081 (http)
2026-05-31 13:15:46.739 [main] INFO  o.a.catalina.core.StandardService otel_trace_id= otel_span_id= request_id= business_trace_id= tenant_id= document_id= ingestion_job_id= - Starting service [Tomcat]
2026-05-31 13:15:46.739 [main] INFO  o.a.catalina.core.StandardEngine otel_trace_id= otel_span_id= request_id= business_trace_id= tenant_id= document_id= ingestion_job_id= - Starting Servlet engine: [Apache Tomcat/11.0.21]
2026-05-31 13:15:46.958 [main] INFO  o.s.b.w.c.s.WebApplicationContextInitializer otel_trace_id= otel_span_id= request_id= business_trace_id= tenant_id= document_id= ingestion_job_id= - Root WebApplicationContext: initialization completed in 3314 ms
2026-05-31 13:15:47.331 [main] INFO  org.hibernate.orm.jpa otel_trace_id= otel_span_id= request_id= business_trace_id= tenant_id= document_id= ingestion_job_id= - HHH008540: Processing PersistenceUnitInfo [name: default]
2026-05-31 13:15:47.416 [main] INFO  org.hibernate.orm.core otel_trace_id= otel_span_id= request_id= business_trace_id= tenant_id= document_id= ingestion_job_id= - HHH000001: Hibernate ORM core version 7.2.12.Final
2026-05-31 13:15:48.067 [main] INFO  o.s.o.j.p.SpringPersistenceUnitInfo otel_trace_id= otel_span_id= request_id= business_trace_id= tenant_id= document_id= ingestion_job_id= - No LoadTimeWeaver setup: ignoring JPA class transformer
2026-05-31 13:15:48.130 [main] INFO  com.zaxxer.hikari.HikariDataSource otel_trace_id= otel_span_id= request_id= business_trace_id= tenant_id= document_id= ingestion_job_id= - HikariPool-1 - Starting...
2026-05-31 13:15:48.368 [main] INFO  com.zaxxer.hikari.pool.HikariPool otel_trace_id= otel_span_id= request_id= business_trace_id= tenant_id= document_id= ingestion_job_id= - HikariPool-1 - Added connection org.postgresql.jdbc.PgConnection@437ac2dc
2026-05-31 13:15:48.371 [main] INFO  com.zaxxer.hikari.HikariDataSource otel_trace_id= otel_span_id= request_id= business_trace_id= tenant_id= document_id= ingestion_job_id= - HikariPool-1 - Start completed.
2026-05-31 13:15:48.489 [main] INFO  o.hibernate.orm.connections.pooling otel_trace_id= otel_span_id= request_id= business_trace_id= tenant_id= document_id= ingestion_job_id= - HHH10001005: Database info:
	Database JDBC URL [jdbc:postgresql://localhost:5432/postgres]
	Database driver: PostgreSQL JDBC Driver
	Database dialect: PostgreSQLDialect
	Database version: 16.13
	Default catalog/schema: postgres/public
	Autocommit mode: undefined/unknown
	Isolation level: READ_COMMITTED [default READ_COMMITTED]
	JDBC fetch size: none
	Pool: DataSourceConnectionProvider
	Minimum pool size: undefined/unknown
	Maximum pool size: undefined/unknown
2026-05-31 13:15:49.911 [main] INFO  org.hibernate.orm.core otel_trace_id= otel_span_id= request_id= business_trace_id= tenant_id= document_id= ingestion_job_id= - HHH000489: No JTA platform available (set 'hibernate.transaction.jta.platform' to enable JTA platform integration)
2026-05-31 13:15:50.009 [main] INFO  o.s.o.j.LocalContainerEntityManagerFactoryBean otel_trace_id= otel_span_id= request_id= business_trace_id= tenant_id= document_id= ingestion_job_id= - Initialized JPA EntityManagerFactory for persistence unit 'default'
2026-05-31 13:15:50.646 [main] WARN  o.s.b.w.s.s.c.AnnotationConfigServletWebServerApplicationContext otel_trace_id= otel_span_id= request_id= business_trace_id= tenant_id= document_id= ingestion_job_id= - Exception encountered during context initialization - cancelling refresh attempt: org.springframework.beans.factory.UnsatisfiedDependencyException: Error creating bean with name 'qdrantDocumentVectorRepository' defined in file [D:\Projects\Sparrow-x\document-service\target\classes\com\sparrowx\document\data\qdrant\QdrantDocumentVectorRepository.class]: Unsatisfied dependency expressed through constructor parameter 2: Error creating bean with name 'geminiEmbeddingService' defined in file [D:\Projects\Sparrow-x\document-service\target\classes\com\sparrowx\document\ingestion\indexing\GeminiEmbeddingService.class]: Failed to instantiate [com.sparrowx.document.ingestion.indexing.GeminiEmbeddingService]: Constructor threw exception
2026-05-31 13:15:50.649 [main] INFO  o.s.o.j.LocalContainerEntityManagerFactoryBean otel_trace_id= otel_span_id= request_id= business_trace_id= tenant_id= document_id= ingestion_job_id= - Closing JPA EntityManagerFactory for persistence unit 'default'
2026-05-31 13:15:50.652 [main] INFO  com.zaxxer.hikari.HikariDataSource otel_trace_id= otel_span_id= request_id= business_trace_id= tenant_id= document_id= ingestion_job_id= - HikariPool-1 - Shutdown initiated...
2026-05-31 13:15:50.656 [main] INFO  com.zaxxer.hikari.HikariDataSource otel_trace_id= otel_span_id= request_id= business_trace_id= tenant_id= document_id= ingestion_job_id= - HikariPool-1 - Shutdown completed.
2026-05-31 13:15:50.659 [main] INFO  o.a.catalina.core.StandardService otel_trace_id= otel_span_id= request_id= business_trace_id= tenant_id= document_id= ingestion_job_id= - Stopping service [Tomcat]
2026-05-31 13:15:50.674 [main] INFO  o.s.b.a.l.ConditionEvaluationReportLogger otel_trace_id= otel_span_id= request_id= business_trace_id= tenant_id= document_id= ingestion_job_id= - 

Error starting ApplicationContext. To display the condition evaluation report re-run your application with 'debug' enabled.
2026-05-31 13:15:50.697 [main] ERROR o.s.boot.SpringApplication otel_trace_id= otel_span_id= request_id= business_trace_id= tenant_id= document_id= ingestion_job_id= - Application run failed
org.springframework.beans.factory.UnsatisfiedDependencyException: Error creating bean with name 'qdrantDocumentVectorRepository' defined in file [D:\Projects\Sparrow-x\document-service\target\classes\com\sparrowx\document\data\qdrant\QdrantDocumentVectorRepository.class]: Unsatisfied dependency expressed through constructor parameter 2: Error creating bean with name 'geminiEmbeddingService' defined in file [D:\Projects\Sparrow-x\document-service\target\classes\com\sparrowx\document\ingestion\indexing\GeminiEmbeddingService.class]: Failed to instantiate [com.sparrowx.document.ingestion.indexing.GeminiEmbeddingService]: Constructor threw exception
	at org.springframework.beans.factory.support.ConstructorResolver.createArgumentArray(ConstructorResolver.java:804)
	at org.springframework.beans.factory.support.ConstructorResolver.autowireConstructor(ConstructorResolver.java:240)
	at org.springframework.beans.factory.support.AbstractAutowireCapableBeanFactory.autowireConstructor(AbstractAutowireCapableBeanFactory.java:1382)
	at org.springframework.beans.factory.support.AbstractAutowireCapableBeanFactory.createBeanInstance(AbstractAutowireCapableBeanFactory.java:1221)
	at org.springframework.beans.factory.support.AbstractAutowireCapableBeanFactory.doCreateBean(AbstractAutowireCapableBeanFactory.java:565)
	at org.springframework.beans.factory.support.AbstractAutowireCapableBeanFactory.createBean(AbstractAutowireCapableBeanFactory.java:525)
	at org.springframework.beans.factory.support.AbstractBeanFactory.lambda$doGetBean$0(AbstractBeanFactory.java:333)
	at org.springframework.beans.factory.support.DefaultSingletonBeanRegistry.getSingleton(DefaultSingletonBeanRegistry.java:371)
	at org.springframework.beans.factory.support.AbstractBeanFactory.doGetBean(AbstractBeanFactory.java:331)
	at org.springframework.beans.factory.support.AbstractBeanFactory.getBean(AbstractBeanFactory.java:196)
	at org.springframework.beans.factory.support.DefaultListableBeanFactory.instantiateSingleton(DefaultListableBeanFactory.java:1218)
	at org.springframework.beans.factory.support.DefaultListableBeanFactory.preInstantiateSingleton(DefaultListableBeanFactory.java:1184)
	at org.springframework.beans.factory.support.DefaultListableBeanFactory.preInstantiateSingletons(DefaultListableBeanFactory.java:1121)
	at org.springframework.context.support.AbstractApplicationContext.finishBeanFactoryInitialization(AbstractApplicationContext.java:994)
	at org.springframework.context.support.AbstractApplicationContext.refresh(AbstractApplicationContext.java:621)
	at org.springframework.boot.web.server.servlet.context.ServletWebServerApplicationContext.refresh(ServletWebServerApplicationContext.java:143)
	at org.springframework.boot.SpringApplication.refresh(SpringApplication.java:756)
	at org.springframework.boot.SpringApplication.refreshContext(SpringApplication.java:445)
	at org.springframework.boot.SpringApplication.run(SpringApplication.java:321)
	at org.springframework.boot.SpringApplication.run(SpringApplication.java:1365)
	at org.springframework.boot.SpringApplication.run(SpringApplication.java:1354)
	at com.sparrowx.document.DocumentApplication.main(DocumentApplication.java:16)
Caused by: org.springframework.beans.factory.BeanCreationException: Error creating bean with name 'geminiEmbeddingService' defined in file [D:\Projects\Sparrow-x\document-service\target\classes\com\sparrowx\document\ingestion\indexing\GeminiEmbeddingService.class]: Failed to instantiate [com.sparrowx.document.ingestion.indexing.GeminiEmbeddingService]: Constructor threw exception
	at org.springframework.beans.factory.support.ConstructorResolver.instantiate(ConstructorResolver.java:321)
	at org.springframework.beans.factory.support.ConstructorResolver.autowireConstructor(ConstructorResolver.java:309)
	at org.springframework.beans.factory.support.AbstractAutowireCapableBeanFactory.autowireConstructor(AbstractAutowireCapableBeanFactory.java:1382)
	at org.springframework.beans.factory.support.AbstractAutowireCapableBeanFactory.createBeanInstance(AbstractAutowireCapableBeanFactory.java:1221)
	at org.springframework.beans.factory.support.AbstractAutowireCapableBeanFactory.doCreateBean(AbstractAutowireCapableBeanFactory.java:565)
	at org.springframework.beans.factory.support.AbstractAutowireCapableBeanFactory.createBean(AbstractAutowireCapableBeanFactory.java:525)
	at org.springframework.beans.factory.support.AbstractBeanFactory.lambda$doGetBean$0(AbstractBeanFactory.java:333)
	at org.springframework.beans.factory.support.DefaultSingletonBeanRegistry.getSingleton(DefaultSingletonBeanRegistry.java:371)
	at org.springframework.beans.factory.support.AbstractBeanFactory.doGetBean(AbstractBeanFactory.java:331)
	at org.springframework.beans.factory.support.AbstractBeanFactory.getBean(AbstractBeanFactory.java:201)
	at org.springframework.beans.factory.config.DependencyDescriptor.resolveCandidate(DependencyDescriptor.java:229)
	at org.springframework.beans.factory.support.DefaultListableBeanFactory.doResolveDependency(DefaultListableBeanFactory.java:1762)
	at org.springframework.beans.factory.support.DefaultListableBeanFactory.resolveDependency(DefaultListableBeanFactory.java:1651)
	at org.springframework.beans.factory.support.ConstructorResolver.resolveAutowiredArgument(ConstructorResolver.java:912)
	at org.springframework.beans.factory.support.ConstructorResolver.createArgumentArray(ConstructorResolver.java:791)
	... 21 common frames omitted
Caused by: org.springframework.beans.BeanInstantiationException: Failed to instantiate [com.sparrowx.document.ingestion.indexing.GeminiEmbeddingService]: Constructor threw exception
	at org.springframework.beans.BeanUtils.instantiateClass(BeanUtils.java:220)
	at org.springframework.beans.factory.support.SimpleInstantiationStrategy.instantiate(SimpleInstantiationStrategy.java:129)
	at org.springframework.beans.factory.support.ConstructorResolver.instantiate(ConstructorResolver.java:318)
	... 35 common frames omitted
Caused by: java.lang.IllegalStateException: GEMINI_API_KEY was not resolved. Check IntelliJ/Maven run configuration environment variables.
	at com.sparrowx.document.ingestion.indexing.GeminiEmbeddingService.<init>(GeminiEmbeddingService.java:32)
	at java.base/jdk.internal.reflect.DirectConstructorHandleAccessor.newInstance(DirectConstructorHandleAccessor.java:62)
	at java.base/java.lang.reflect.Constructor.newInstanceWithCaller(Constructor.java:499)
	at java.base/java.lang.reflect.Constructor.newInstance(Constructor.java:483)
	at org.springframework.beans.BeanUtils.instantiateClass(BeanUtils.java:207)
	... 37 common frames omitted
2026-05-31 13:16:26.923 [main] INFO  c.s.document.DocumentApplication otel_trace_id= otel_span_id= request_id= business_trace_id= tenant_id= document_id= ingestion_job_id= - Starting DocumentApplication using Java 25.0.2 with PID 8772 (D:\Projects\Sparrow-x\document-service\target\classes started by aggre in D:\Projects\Sparrow-x\document-service)
2026-05-31 13:16:26.924 [main] INFO  c.s.document.DocumentApplication otel_trace_id= otel_span_id= request_id= business_trace_id= tenant_id= document_id= ingestion_job_id= - The following 1 profile is active: "dev"
2026-05-31 13:16:27.659 [main] INFO  o.s.d.r.c.RepositoryConfigurationDelegate otel_trace_id= otel_span_id= request_id= business_trace_id= tenant_id= document_id= ingestion_job_id= - Multiple Spring Data modules found, entering strict repository configuration mode
2026-05-31 13:16:27.659 [main] INFO  o.s.d.r.c.RepositoryConfigurationDelegate otel_trace_id= otel_span_id= request_id= business_trace_id= tenant_id= document_id= ingestion_job_id= - Bootstrapping Spring Data JPA repositories in DEFAULT mode.
2026-05-31 13:16:27.753 [main] INFO  o.s.d.r.c.RepositoryConfigurationDelegate otel_trace_id= otel_span_id= request_id= business_trace_id= tenant_id= document_id= ingestion_job_id= - Finished Spring Data repository scanning in 87 ms. Found 5 JPA repository interfaces.
2026-05-31 13:16:28.359 [main] INFO  o.s.d.r.c.RepositoryConfigurationDelegate otel_trace_id= otel_span_id= request_id= business_trace_id= tenant_id= document_id= ingestion_job_id= - Multiple Spring Data modules found, entering strict repository configuration mode
2026-05-31 13:16:28.360 [main] INFO  o.s.d.r.c.RepositoryConfigurationDelegate otel_trace_id= otel_span_id= request_id= business_trace_id= tenant_id= document_id= ingestion_job_id= - Bootstrapping Spring Data Redis repositories in DEFAULT mode.
2026-05-31 13:16:28.396 [main] INFO  o.s.d.r.c.RepositoryConfigurationExtensionSupport otel_trace_id= otel_span_id= request_id= business_trace_id= tenant_id= document_id= ingestion_job_id= - Spring Data Redis - Could not safely identify store assignment for repository candidate interface com.sparrowx.document.data.postgres.repositories.DocumentChunkRepository; If you want this repository to be a Redis repository, consider annotating your entities with one of these annotations: org.springframework.data.redis.core.RedisHash (preferred), or consider extending one of the following types with your repository: org.springframework.data.keyvalue.repository.KeyValueRepository
2026-05-31 13:16:28.397 [main] INFO  o.s.d.r.c.RepositoryConfigurationExtensionSupport otel_trace_id= otel_span_id= request_id= business_trace_id= tenant_id= document_id= ingestion_job_id= - Spring Data Redis - Could not safely identify store assignment for repository candidate interface com.sparrowx.document.data.postgres.repositories.DocumentRepository; If you want this repository to be a Redis repository, consider annotating your entities with one of these annotations: org.springframework.data.redis.core.RedisHash (preferred), or consider extending one of the following types with your repository: org.springframework.data.keyvalue.repository.KeyValueRepository
2026-05-31 13:16:28.398 [main] INFO  o.s.d.r.c.RepositoryConfigurationExtensionSupport otel_trace_id= otel_span_id= request_id= business_trace_id= tenant_id= document_id= ingestion_job_id= - Spring Data Redis - Could not safely identify store assignment for repository candidate interface com.sparrowx.document.data.postgres.repositories.IngestionJobRepository; If you want this repository to be a Redis repository, consider annotating your entities with one of these annotations: org.springframework.data.redis.core.RedisHash (preferred), or consider extending one of the following types with your repository: org.springframework.data.keyvalue.repository.KeyValueRepository
2026-05-31 13:16:28.398 [main] INFO  o.s.d.r.c.RepositoryConfigurationDelegate otel_trace_id= otel_span_id= request_id= business_trace_id= tenant_id= document_id= ingestion_job_id= - Finished Spring Data repository scanning in 29 ms. Found 0 Redis repository interfaces.
2026-05-31 13:16:29.384 [main] INFO  o.s.boot.tomcat.TomcatWebServer otel_trace_id= otel_span_id= request_id= business_trace_id= tenant_id= document_id= ingestion_job_id= - Tomcat initialized with port 8081 (http)
2026-05-31 13:16:29.397 [main] INFO  o.a.catalina.core.StandardService otel_trace_id= otel_span_id= request_id= business_trace_id= tenant_id= document_id= ingestion_job_id= - Starting service [Tomcat]
2026-05-31 13:16:29.397 [main] INFO  o.a.catalina.core.StandardEngine otel_trace_id= otel_span_id= request_id= business_trace_id= tenant_id= document_id= ingestion_job_id= - Starting Servlet engine: [Apache Tomcat/11.0.21]
2026-05-31 13:16:29.555 [main] INFO  o.s.b.w.c.s.WebApplicationContextInitializer otel_trace_id= otel_span_id= request_id= business_trace_id= tenant_id= document_id= ingestion_job_id= - Root WebApplicationContext: initialization completed in 2600 ms
2026-05-31 13:16:29.911 [main] INFO  org.hibernate.orm.jpa otel_trace_id= otel_span_id= request_id= business_trace_id= tenant_id= document_id= ingestion_job_id= - HHH008540: Processing PersistenceUnitInfo [name: default]
2026-05-31 13:16:29.983 [main] INFO  org.hibernate.orm.core otel_trace_id= otel_span_id= request_id= business_trace_id= tenant_id= document_id= ingestion_job_id= - HHH000001: Hibernate ORM core version 7.2.12.Final
2026-05-31 13:16:30.653 [main] INFO  o.s.o.j.p.SpringPersistenceUnitInfo otel_trace_id= otel_span_id= request_id= business_trace_id= tenant_id= document_id= ingestion_job_id= - No LoadTimeWeaver setup: ignoring JPA class transformer
2026-05-31 13:16:30.701 [main] INFO  com.zaxxer.hikari.HikariDataSource otel_trace_id= otel_span_id= request_id= business_trace_id= tenant_id= document_id= ingestion_job_id= - HikariPool-1 - Starting...
2026-05-31 13:16:30.898 [main] INFO  com.zaxxer.hikari.pool.HikariPool otel_trace_id= otel_span_id= request_id= business_trace_id= tenant_id= document_id= ingestion_job_id= - HikariPool-1 - Added connection org.postgresql.jdbc.PgConnection@79f6b43a
2026-05-31 13:16:30.899 [main] INFO  com.zaxxer.hikari.HikariDataSource otel_trace_id= otel_span_id= request_id= business_trace_id= tenant_id= document_id= ingestion_job_id= - HikariPool-1 - Start completed.
2026-05-31 13:16:30.980 [main] INFO  o.hibernate.orm.connections.pooling otel_trace_id= otel_span_id= request_id= business_trace_id= tenant_id= document_id= ingestion_job_id= - HHH10001005: Database info:
	Database JDBC URL [jdbc:postgresql://localhost:5432/postgres]
	Database driver: PostgreSQL JDBC Driver
	Database dialect: PostgreSQLDialect
	Database version: 16.13
	Default catalog/schema: postgres/public
	Autocommit mode: undefined/unknown
	Isolation level: READ_COMMITTED [default READ_COMMITTED]
	JDBC fetch size: none
	Pool: DataSourceConnectionProvider
	Minimum pool size: undefined/unknown
	Maximum pool size: undefined/unknown
2026-05-31 13:16:32.181 [main] INFO  org.hibernate.orm.core otel_trace_id= otel_span_id= request_id= business_trace_id= tenant_id= document_id= ingestion_job_id= - HHH000489: No JTA platform available (set 'hibernate.transaction.jta.platform' to enable JTA platform integration)
2026-05-31 13:16:32.234 [main] INFO  o.s.o.j.LocalContainerEntityManagerFactoryBean otel_trace_id= otel_span_id= request_id= business_trace_id= tenant_id= document_id= ingestion_job_id= - Initialized JPA EntityManagerFactory for persistence unit 'default'
2026-05-31 13:16:32.831 [main] INFO  o.s.d.j.r.q.QueryEnhancerFactories otel_trace_id= otel_span_id= request_id= business_trace_id= tenant_id= document_id= ingestion_job_id= - Hibernate is in classpath; If applicable, HQL parser will be used.
2026-05-31 13:16:34.264 [main] INFO  n.d.b.g.s.a.GrpcServerFactoryAutoConfiguration otel_trace_id= otel_span_id= request_id= business_trace_id= tenant_id= document_id= ingestion_job_id= - Detected grpc-netty-shaded: Creating ShadedNettyGrpcServerFactory
2026-05-31 13:16:34.621 [main] INFO  o.s.b.a.e.web.EndpointLinksResolver otel_trace_id= otel_span_id= request_id= business_trace_id= tenant_id= document_id= ingestion_job_id= - Exposing 3 endpoints beneath base path '/actuator'
2026-05-31 13:16:34.639 [main] WARN  o.s.a.m.a.p.s.SyncMcpSamplingProvider otel_trace_id= otel_span_id= request_id= business_trace_id= tenant_id= document_id= ingestion_job_id= - No sampling methods found
2026-05-31 13:16:34.641 [main] WARN  o.s.a.m.a.p.e.SyncMcpElicitationProvider otel_trace_id= otel_span_id= request_id= business_trace_id= tenant_id= document_id= ingestion_job_id= - No elicitation methods found
2026-05-31 13:16:34.690 [main] INFO  o.s.boot.tomcat.TomcatWebServer otel_trace_id= otel_span_id= request_id= business_trace_id= tenant_id= document_id= ingestion_job_id= - Tomcat started on port 8081 (http) with context path '/'
2026-05-31 13:16:34.772 [main] INFO  n.d.b.g.s.s.AbstractGrpcServerFactory otel_trace_id= otel_span_id= request_id= business_trace_id= tenant_id= document_id= ingestion_job_id= - Registered gRPC service: document.DocumentService, bean: documentServiceGrpcImpl, class: com.sparrowx.document.grpc.DocumentServiceGrpcImpl
2026-05-31 13:16:34.772 [main] INFO  n.d.b.g.s.s.AbstractGrpcServerFactory otel_trace_id= otel_span_id= request_id= business_trace_id= tenant_id= document_id= ingestion_job_id= - Registered gRPC service: grpc.health.v1.Health, bean: grpcHealthService, class: io.grpc.protobuf.services.HealthServiceImpl
2026-05-31 13:16:34.772 [main] INFO  n.d.b.g.s.s.AbstractGrpcServerFactory otel_trace_id= otel_span_id= request_id= business_trace_id= tenant_id= document_id= ingestion_job_id= - Registered gRPC service: grpc.reflection.v1alpha.ServerReflection, bean: protoReflectionService, class: io.grpc.protobuf.services.ProtoReflectionService
2026-05-31 13:16:34.896 [main] INFO  n.d.b.g.s.s.GrpcServerLifecycle otel_trace_id= otel_span_id= request_id= business_trace_id= tenant_id= document_id= ingestion_job_id= - gRPC Server started, listening on address: *, port: 50054
2026-05-31 13:16:34.906 [main] INFO  c.s.document.DocumentApplication otel_trace_id= otel_span_id= request_id= business_trace_id= tenant_id= document_id= ingestion_job_id= - Started DocumentApplication in 8.357 seconds (process running for 8.804)
2026-05-31 13:16:35.099 [main] INFO  c.s.d.d.q.QdrantCollectionInitializer otel_trace_id= otel_span_id= request_id= business_trace_id= tenant_id= document_id= ingestion_job_id= - Qdrant collection already exists: sparrowx_document_chunks
2026-05-31 13:16:35.100 [main] WARN  o.s.c.events.SpringDocAppInitializer otel_trace_id= otel_span_id= request_id= business_trace_id= tenant_id= document_id= ingestion_job_id= - SpringDoc /v3/api-docs endpoint is enabled by default. To disable it in production, set the property 'springdoc.api-docs.enabled=false'
2026-05-31 13:16:35.101 [main] WARN  o.s.c.events.SpringDocAppInitializer otel_trace_id= otel_span_id= request_id= business_trace_id= tenant_id= document_id= ingestion_job_id= - SpringDoc /swagger-ui.html endpoint is enabled by default. To disable it in production, set the property 'springdoc.swagger-ui.enabled=false'
2026-05-31 13:16:35.235 [main] INFO  c.s.d.g.h.DocumentServiceStartupCheck otel_trace_id= otel_span_id= request_id= business_trace_id= tenant_id= document_id= ingestion_job_id= - Document service startup check complete documentCount=27 storageProvider=MinioDocumentStorage
2026-05-31 13:16:35.248 [main] INFO  b.i.grpc.health.GrpcHealthAdapter otel_trace_id= otel_span_id= request_id= business_trace_id= tenant_id= document_id= ingestion_job_id= - Application ready — setting gRPC global health to SERVING
2026-05-31 13:16:41.385 [http-nio-8081-exec-1] INFO  o.a.c.c.C.[Tomcat].[localhost].[/] otel_trace_id= otel_span_id= request_id= business_trace_id= tenant_id= document_id= ingestion_job_id= - Initializing Spring DispatcherServlet 'dispatcherServlet'
2026-05-31 13:16:41.386 [http-nio-8081-exec-1] INFO  o.s.web.servlet.DispatcherServlet otel_trace_id= otel_span_id= request_id= business_trace_id= tenant_id= document_id= ingestion_job_id= - Initializing Servlet 'dispatcherServlet'
2026-05-31 13:16:41.389 [http-nio-8081-exec-1] INFO  o.s.web.servlet.DispatcherServlet otel_trace_id= otel_span_id= request_id= business_trace_id= tenant_id= document_id= ingestion_job_id= - Completed initialization in 3 ms
2026-05-31 13:17:22.948 [grpc-default-executor-0] INFO  b.i.g.i.GrpcLoggingInterceptor otel_trace_id= otel_span_id= request_id= business_trace_id= tenant_id= document_id= ingestion_job_id= - grpc.call.start grpc.reflection.v1alpha.ServerReflection/ServerReflectionInfo
2026-05-31 13:17:22.974 [grpc-default-executor-0] INFO  b.i.g.i.GrpcTracingInterceptor otel_trace_id=ee194a7c8e266ee4983702e903f46e60 otel_span_id=9a0d67e82112409c request_id= business_trace_id= tenant_id= document_id= ingestion_job_id= - trace.start: ee194a7c8e266ee4983702e903f46e60
2026-05-31 13:17:23.144 [grpc-default-executor-0] INFO  b.i.g.i.GrpcLoggingInterceptor$2 otel_trace_id= otel_span_id= request_id= business_trace_id= tenant_id= document_id= ingestion_job_id= - grpc.request.message grpc.reflection.v1alpha.ServerReflection/ServerReflectionInfo
2026-05-31 13:17:23.164 [grpc-default-executor-0] INFO  b.i.g.i.GrpcLoggingInterceptor$1 otel_trace_id=ee194a7c8e266ee4983702e903f46e60 otel_span_id=9a0d67e82112409c request_id= business_trace_id= tenant_id= document_id= ingestion_job_id= - grpc.response.send grpc.reflection.v1alpha.ServerReflection/ServerReflectionInfo
2026-05-31 13:17:23.176 [grpc-default-executor-0] INFO  b.i.g.i.GrpcLoggingInterceptor$2 otel_trace_id= otel_span_id= request_id= business_trace_id= tenant_id= document_id= ingestion_job_id= - grpc.request.complete grpc.reflection.v1alpha.ServerReflection/ServerReflectionInfo
2026-05-31 13:17:23.180 [grpc-default-executor-0] INFO  i.o.e.logging.LoggingSpanExporter otel_trace_id=ee194a7c8e266ee4983702e903f46e60 otel_span_id=9a0d67e82112409c request_id= business_trace_id= tenant_id= document_id= ingestion_job_id= - 'grpc.reflection.v1alpha.ServerReflection/ServerReflectionInfo' : ee194a7c8e266ee4983702e903f46e60 9a0d67e82112409c SERVER [tracer: sparrowx-document-service:] AttributesMap{data={rpc.method=grpc.reflection.v1alpha.ServerReflection/ServerReflectionInfo, rpc.grpc.status_code=OK, rpc.system=grpc}, capacity=128, totalAddedValues=3}
2026-05-31 13:17:23.185 [grpc-default-executor-0] INFO  b.i.g.i.GrpcLoggingInterceptor$1 otel_trace_id=ee194a7c8e266ee4983702e903f46e60 otel_span_id=9a0d67e82112409c request_id= business_trace_id= tenant_id= document_id= ingestion_job_id= - grpc.call.close grpc.reflection.v1alpha.ServerReflection/ServerReflectionInfo status=Status{code=OK, description=null, cause=null}
2026-05-31 13:17:23.188 [grpc-default-executor-0] INFO  b.i.g.i.GrpcLoggingInterceptor$2 otel_trace_id= otel_span_id= request_id= business_trace_id= tenant_id= document_id= ingestion_job_id= - grpc.call.complete grpc.reflection.v1alpha.ServerReflection/ServerReflectionInfo
2026-05-31 13:17:23.190 [grpc-default-executor-0] INFO  b.i.g.i.GrpcLoggingInterceptor otel_trace_id= otel_span_id= request_id= business_trace_id= tenant_id= document_id= ingestion_job_id= - grpc.call.start grpc.reflection.v1alpha.ServerReflection/ServerReflectionInfo
2026-05-31 13:17:23.190 [grpc-default-executor-1] INFO  b.i.g.i.GrpcLoggingInterceptor otel_trace_id= otel_span_id= request_id= business_trace_id= tenant_id= document_id= ingestion_job_id= - grpc.call.start grpc.reflection.v1alpha.ServerReflection/ServerReflectionInfo
2026-05-31 13:17:23.191 [grpc-default-executor-1] INFO  b.i.g.i.GrpcTracingInterceptor otel_trace_id=fa4df2d19506d576d4e5333bdd6c188c otel_span_id=c33f6923cc0be070 request_id= business_trace_id= tenant_id= document_id= ingestion_job_id= - trace.start: fa4df2d19506d576d4e5333bdd6c188c
2026-05-31 13:17:23.191 [grpc-default-executor-0] INFO  b.i.g.i.GrpcTracingInterceptor otel_trace_id=ea85593fdf155b85da54c35e70c0ee4b otel_span_id=94d53cc7456bba5a request_id= business_trace_id= tenant_id= document_id= ingestion_job_id= - trace.start: ea85593fdf155b85da54c35e70c0ee4b
2026-05-31 13:17:23.192 [grpc-default-executor-1] INFO  b.i.g.i.GrpcLoggingInterceptor$2 otel_trace_id= otel_span_id= request_id= business_trace_id= tenant_id= document_id= ingestion_job_id= - grpc.request.message grpc.reflection.v1alpha.ServerReflection/ServerReflectionInfo
2026-05-31 13:17:23.192 [grpc-default-executor-0] INFO  b.i.g.i.GrpcLoggingInterceptor$2 otel_trace_id= otel_span_id= request_id= business_trace_id= tenant_id= document_id= ingestion_job_id= - grpc.request.message grpc.reflection.v1alpha.ServerReflection/ServerReflectionInfo
2026-05-31 13:17:23.196 [grpc-default-executor-1] INFO  b.i.g.i.GrpcLoggingInterceptor$1 otel_trace_id=fa4df2d19506d576d4e5333bdd6c188c otel_span_id=c33f6923cc0be070 request_id= business_trace_id= tenant_id= document_id= ingestion_job_id= - grpc.response.send grpc.reflection.v1alpha.ServerReflection/ServerReflectionInfo
2026-05-31 13:17:23.197 [grpc-default-executor-0] INFO  b.i.g.i.GrpcLoggingInterceptor$1 otel_trace_id=ea85593fdf155b85da54c35e70c0ee4b otel_span_id=94d53cc7456bba5a request_id= business_trace_id= tenant_id= document_id= ingestion_job_id= - grpc.response.send grpc.reflection.v1alpha.ServerReflection/ServerReflectionInfo
2026-05-31 13:17:23.198 [grpc-default-executor-0] INFO  b.i.g.i.GrpcLoggingInterceptor$2 otel_trace_id= otel_span_id= request_id= business_trace_id= tenant_id= document_id= ingestion_job_id= - grpc.request.complete grpc.reflection.v1alpha.ServerReflection/ServerReflectionInfo
2026-05-31 13:17:23.198 [grpc-default-executor-1] INFO  b.i.g.i.GrpcLoggingInterceptor$2 otel_trace_id= otel_span_id= request_id= business_trace_id= tenant_id= document_id= ingestion_job_id= - grpc.request.complete grpc.reflection.v1alpha.ServerReflection/ServerReflectionInfo
2026-05-31 13:17:23.198 [grpc-default-executor-1] INFO  i.o.e.logging.LoggingSpanExporter otel_trace_id=fa4df2d19506d576d4e5333bdd6c188c otel_span_id=c33f6923cc0be070 request_id= business_trace_id= tenant_id= document_id= ingestion_job_id= - 'grpc.reflection.v1alpha.ServerReflection/ServerReflectionInfo' : fa4df2d19506d576d4e5333bdd6c188c c33f6923cc0be070 SERVER [tracer: sparrowx-document-service:] AttributesMap{data={rpc.method=grpc.reflection.v1alpha.ServerReflection/ServerReflectionInfo, rpc.grpc.status_code=OK, rpc.system=grpc}, capacity=128, totalAddedValues=3}
2026-05-31 13:17:23.198 [grpc-default-executor-0] INFO  i.o.e.logging.LoggingSpanExporter otel_trace_id=ea85593fdf155b85da54c35e70c0ee4b otel_span_id=94d53cc7456bba5a request_id= business_trace_id= tenant_id= document_id= ingestion_job_id= - 'grpc.reflection.v1alpha.ServerReflection/ServerReflectionInfo' : ea85593fdf155b85da54c35e70c0ee4b 94d53cc7456bba5a SERVER [tracer: sparrowx-document-service:] AttributesMap{data={rpc.method=grpc.reflection.v1alpha.ServerReflection/ServerReflectionInfo, rpc.grpc.status_code=OK, rpc.system=grpc}, capacity=128, totalAddedValues=3}
2026-05-31 13:17:23.198 [grpc-default-executor-1] INFO  b.i.g.i.GrpcLoggingInterceptor$1 otel_trace_id=fa4df2d19506d576d4e5333bdd6c188c otel_span_id=c33f6923cc0be070 request_id= business_trace_id= tenant_id= document_id= ingestion_job_id= - grpc.call.close grpc.reflection.v1alpha.ServerReflection/ServerReflectionInfo status=Status{code=OK, description=null, cause=null}
2026-05-31 13:17:23.199 [grpc-default-executor-0] INFO  b.i.g.i.GrpcLoggingInterceptor$1 otel_trace_id=ea85593fdf155b85da54c35e70c0ee4b otel_span_id=94d53cc7456bba5a request_id= business_trace_id= tenant_id= document_id= ingestion_job_id= - grpc.call.close grpc.reflection.v1alpha.ServerReflection/ServerReflectionInfo status=Status{code=OK, description=null, cause=null}
2026-05-31 13:17:23.200 [grpc-default-executor-0] INFO  b.i.g.i.GrpcLoggingInterceptor$2 otel_trace_id= otel_span_id= request_id= business_trace_id= tenant_id= document_id= ingestion_job_id= - grpc.call.complete grpc.reflection.v1alpha.ServerReflection/ServerReflectionInfo
2026-05-31 13:17:23.200 [grpc-default-executor-1] INFO  b.i.g.i.GrpcLoggingInterceptor$2 otel_trace_id= otel_span_id= request_id= business_trace_id= tenant_id= document_id= ingestion_job_id= - grpc.call.complete grpc.reflection.v1alpha.ServerReflection/ServerReflectionInfo
2026-05-31 13:19:13.743 [grpc-default-executor-2] INFO  b.i.g.i.GrpcLoggingInterceptor otel_trace_id= otel_span_id= request_id= business_trace_id= tenant_id= document_id= ingestion_job_id= - grpc.call.start document.DocumentService/BuildDocumentEvidence
2026-05-31 13:19:13.743 [grpc-default-executor-2] INFO  b.i.g.i.GrpcTracingInterceptor otel_trace_id=298ce8a63d96c69dd370531c71901696 otel_span_id=70da115a5a2df8fe request_id= business_trace_id= tenant_id= document_id= ingestion_job_id= - trace.start: 298ce8a63d96c69dd370531c71901696
2026-05-31 13:19:13.758 [grpc-default-executor-2] INFO  b.i.g.i.GrpcLoggingInterceptor$2 otel_trace_id= otel_span_id= request_id= business_trace_id= tenant_id= document_id= ingestion_job_id= - grpc.request.message document.DocumentService/BuildDocumentEvidence
2026-05-31 13:19:13.762 [grpc-default-executor-2] INFO  b.i.g.i.GrpcLoggingInterceptor$2 otel_trace_id= otel_span_id= request_id=req-build-evidence-mind-wandering-happiness-supported-001 business_trace_id=trace-build-evidence-mind-wandering-happiness-supported-001 tenant_id=tenant-001 document_id= ingestion_job_id= - grpc.request.complete document.DocumentService/BuildDocumentEvidence
2026-05-31 13:19:13.778 [grpc-default-executor-2] INFO  b.c.c.i.CommandObservabilityInterceptor otel_trace_id=298ce8a63d96c69dd370531c71901696 otel_span_id=70da115a5a2df8fe request_id=req-build-evidence-mind-wandering-happiness-supported-001 business_trace_id=trace-build-evidence-mind-wandering-happiness-supported-001 tenant_id=tenant-001 document_id= ingestion_job_id= - command.start BuildDocumentEvidenceCommand
2026-05-31 13:19:13.778 [grpc-default-executor-2] INFO  c.s.d.o.EvidenceBuildLogger otel_trace_id=298ce8a63d96c69dd370531c71901696 otel_span_id=70da115a5a2df8fe request_id=req-build-evidence-mind-wandering-happiness-supported-001 business_trace_id=trace-build-evidence-mind-wandering-happiness-supported-001 tenant_id=tenant-001 document_id= ingestion_job_id= - Document evidence build requested tenantId=tenant-001 userId=user-001 projectId=project-001 teamId=team-001 goal=EXTRACTION scopedDocumentCount=1 limit=8 allowClaimCache=false requireVerification=true
2026-05-31 13:19:43.868 [grpc-default-executor-2] INFO  c.s.d.o.EvidenceBuildLogger otel_trace_id=298ce8a63d96c69dd370531c71901696 otel_span_id=70da115a5a2df8fe request_id=req-build-evidence-mind-wandering-happiness-supported-001 business_trace_id=trace-build-evidence-mind-wandering-happiness-supported-001 tenant_id=tenant-001 document_id= ingestion_job_id= - Document evidence build completed tenantId=tenant-001 userId=user-001 graphId=860ab336-a7cc-4473-a7bf-82fcf3c657ba nodeCount=6 edgeCount=3 usedChunkRetrieval=true usedClaimCache=false coverageScore=1.0
2026-05-31 13:19:43.868 [grpc-default-executor-2] INFO  b.c.c.i.CommandObservabilityInterceptor otel_trace_id=298ce8a63d96c69dd370531c71901696 otel_span_id=70da115a5a2df8fe request_id=req-build-evidence-mind-wandering-happiness-supported-001 business_trace_id=trace-build-evidence-mind-wandering-happiness-supported-001 tenant_id=tenant-001 document_id= ingestion_job_id= - command.complete BuildDocumentEvidenceCommand in 30090 ms
2026-05-31 13:19:43.868 [grpc-default-executor-2] INFO  i.o.e.logging.LoggingSpanExporter otel_trace_id=298ce8a63d96c69dd370531c71901696 otel_span_id=70da115a5a2df8fe request_id=req-build-evidence-mind-wandering-happiness-supported-001 business_trace_id=trace-build-evidence-mind-wandering-happiness-supported-001 tenant_id=tenant-001 document_id= ingestion_job_id= - 'command.BuildDocumentEvidenceCommand' : 298ce8a63d96c69dd370531c71901696 91068f8b710d0340 INTERNAL [tracer: sparrowx-document-service:] {}
2026-05-31 13:19:43.888 [grpc-default-executor-2] INFO  b.i.g.i.GrpcLoggingInterceptor$1 otel_trace_id=298ce8a63d96c69dd370531c71901696 otel_span_id=70da115a5a2df8fe request_id=req-build-evidence-mind-wandering-happiness-supported-001 business_trace_id=trace-build-evidence-mind-wandering-happiness-supported-001 tenant_id=tenant-001 document_id= ingestion_job_id= - grpc.response.send document.DocumentService/BuildDocumentEvidence
2026-05-31 13:19:43.891 [grpc-default-executor-2] INFO  i.o.e.logging.LoggingSpanExporter otel_trace_id=298ce8a63d96c69dd370531c71901696 otel_span_id=70da115a5a2df8fe request_id=req-build-evidence-mind-wandering-happiness-supported-001 business_trace_id=trace-build-evidence-mind-wandering-happiness-supported-001 tenant_id=tenant-001 document_id= ingestion_job_id= - 'document.DocumentService/BuildDocumentEvidence' : 298ce8a63d96c69dd370531c71901696 70da115a5a2df8fe SERVER [tracer: sparrowx-document-service:] AttributesMap{data={rpc.method=document.DocumentService/BuildDocumentEvidence, rpc.grpc.status_code=OK, rpc.system=grpc}, capacity=128, totalAddedValues=3}
2026-05-31 13:19:43.891 [grpc-default-executor-2] INFO  b.i.g.i.GrpcLoggingInterceptor$1 otel_trace_id=298ce8a63d96c69dd370531c71901696 otel_span_id=70da115a5a2df8fe request_id=req-build-evidence-mind-wandering-happiness-supported-001 business_trace_id=trace-build-evidence-mind-wandering-happiness-supported-001 tenant_id=tenant-001 document_id= ingestion_job_id= - grpc.call.close document.DocumentService/BuildDocumentEvidence status=Status{code=OK, description=null, cause=null}
2026-05-31 13:19:43.894 [grpc-default-executor-2] INFO  b.i.g.i.GrpcLoggingInterceptor$2 otel_trace_id= otel_span_id= request_id= business_trace_id= tenant_id= document_id= ingestion_job_id= - grpc.call.complete document.DocumentService/BuildDocumentEvidence
